[www.brigidagama.com.br/index.html]
[backblue.gif]
[fade.gif]
[index.html]
[framerusercontent.com/sites/icons/default-favicon-light.v1.png]
[framerusercontent.com/sites/icons/default-favicon-dark.v1.png]
[framerusercontent.com/sites/icons/default-touch-icon.v3.png]
[framerusercontent.com/images/2AHLUzcO6y0Q7RqkiQbORlpUxpAc7eb.png]
[framerusercontent.com/images/BzYLZe5egG7yLflnOBgTZ6ATOvE347d.png]
[www.brigidagama.com.br/documentacao-ux-conversacional-e-ia-generativa.html]
[framerusercontent.com/images/GMvh7QwF8NCV0WL4IijwqtIiT507a49.png]
[framerusercontent.com/images/7T8Vqjyp13O6UhMiBgkmM0L5nkQe5d0.jpg]
[framerusercontent.com/images/eRxoBrwYb7q8gF1S7Oqaw2v4cwca924.png]
[framerusercontent.com/images/mf1q5mOtAbmFNd3V31ydmHrOxY061a2.png]
[www.brigidagama.com.br/index.html]
[framerusercontent.com/images/jTTiRwBncNFW2qKg8neXU1A29d5.png]
[framerusercontent.com/images/3H3RvxFfWKkuUjiPEbYMGIMP9KA0752.png]
[framerusercontent.com/images/fqqnauZ4yx9PukO6Cer1jx0JVo00752.png]
[framerusercontent.com/images/Ku218g5cMCFdi6Gok6SUAZnzRY0752.png]
[framerusercontent.com/images/oyKdFW6DMzNqMT5wqI7O8tOQ0752.png]
[framerusercontent.com/images/Sl69hTMkQun0WdgP8bvkSYYyJM0752.png]
[framerusercontent.com/images/b6JEWvP3OociSvaxfuV312bA0752.png]
[framerusercontent.com/images/f32PGFWMvl62awQ6iT59hT9EFk0752.png]
[framerusercontent.com/images/qtRenCPDtbZHQfT2ZFstwC7XM463e.png]
[www.brigidagama.com.br/documentacao-ux-conversacional-e-ia-generativa.html]
